[2026-05-12 08:16:21] [stage2_mamba] attempt 1/3
[2026-05-12 08:42:24] [stage2_mamba] OK
[2026-05-12 08:42:24] [stage2_gru] attempt 1/3
[2026-05-12 09:03:23] [stage2_gru] OK
[2026-05-12 09:03:23] [stage3_rel_zm] attempt 1/3
[2026-05-12 09:20:15] [stage3_rel_zm] OK
[2026-05-12 09:20:15] [stage3_rel_nozm] attempt 1/3
[2026-05-12 09:37:09] [stage3_rel_nozm] OK
[2026-05-12 09:37:09] [stage3_abs_zm] attempt 1/3
[2026-05-12 09:54:15] [stage3_abs_zm] OK
[2026-05-12 09:54:15] Step: Evaluation matrix (Metric A + B, reset sweep)
[2026-05-12 09:54:15]   eval rel_zm_train_reset0
[2026-05-12 09:54:19]   eval rel_zm_train_reset16
[2026-05-12 09:54:24]   eval rel_zm_train_reset32
[2026-05-12 09:54:29]   eval rel_zm_val_reset0
[2026-05-12 09:54:32]   eval rel_zm_val_reset16
[2026-05-12 09:54:36]   eval rel_zm_val_reset32
[2026-05-12 09:54:40]   eval rel_zm_test_reset0
[2026-05-12 09:54:44]   eval rel_zm_test_reset16
[2026-05-12 09:54:47]   eval rel_zm_test_reset32
[2026-05-12 09:54:51]   eval rel_nozm_train_reset0
[2026-05-12 09:54:56]   eval rel_nozm_train_reset16
[2026-05-12 09:55:01]   eval rel_nozm_train_reset32
[2026-05-12 09:55:06]   eval rel_nozm_val_reset0
[2026-05-12 09:55:09]   eval rel_nozm_val_reset16
[2026-05-12 09:55:13]   eval rel_nozm_val_reset32
[2026-05-12 09:55:16]   eval rel_nozm_test_reset0
[2026-05-12 09:55:20]   eval rel_nozm_test_reset16
[2026-05-12 09:55:24]   eval rel_nozm_test_reset32
[2026-05-12 09:55:28]   eval abs_zm_train_reset0
[2026-05-12 09:55:33]   eval abs_zm_train_reset16
[2026-05-12 09:55:38]   eval abs_zm_train_reset32
[2026-05-12 09:55:43]   eval abs_zm_val_reset0
[2026-05-12 09:55:46]   eval abs_zm_val_reset16
[2026-05-12 09:55:50]   eval abs_zm_val_reset32
[2026-05-12 09:55:53]   eval abs_zm_test_reset0
[2026-05-12 09:55:57]   eval abs_zm_test_reset16
[2026-05-12 09:56:01]   eval abs_zm_test_reset32
[2026-05-12 09:56:05] Step: Inter-burst continuity (Mamba vs GRU on long sequences)
[2026-05-12 09:56:21] Step: Compensation videos
[2026-05-12 09:58:46] =============================================
[2026-05-12 09:58:46] PIPELINE v5 DONE
[2026-05-12 09:58:46]   Checkpoints: experiments/checkpoints/stage{2,3}_*_v5_*
[2026-05-12 09:58:46]   Eval matrix: reports/paper_v5/eval_*/
[2026-05-12 09:58:46]   Inter-burst: reports/paper_v5/inter_burst_{mamba,gru}_v5/
[2026-05-12 09:58:46]   Videos     : reports/paper_v5/viz_*/
[2026-05-12 09:58:46] 
[2026-05-12 09:58:46] Next step for you:
[2026-05-12 09:58:46]   1. python scripts/aggregate_drift_results.py --input-dir reports/paper_v5/ \
[2026-05-12 09:58:46]                                                 --output-csv reports/paper_v5/summary.csv
[2026-05-12 09:58:46]   2. Open summary.csv to see the full 3x3 grid (run × split × reset).
[2026-05-12 09:58:46]   3. Pick best reset on dense_v1/val rows; report dense_v1/test row once.
[2026-05-12 09:58:46] =============================================
